// Jest Snapshot v1, https://goo.gl/fbAQLP

exports[`Manager component renders the expected markup 1`] = `
<Manager>
  <div
    id="target"
  />
  <div
    id="popper"
  />
</Manager>
`;
